Starting test_connect_direct.py...
Project opened: D:\Codesys-MCP-main\Codesys-MCP-main\AccumulatorProject.project
Active application: Application
Creating online application...
Online app created successfully!
Logging in...
Login successful!
Application started!
nAccumulator value: INT#19
nCycleCount value: DINT#0
Logged out.
Project closed.
SCRIPT_SUCCESS: All operations completed successfully.
